Microsoft (R) Macro Assembler Version 14.00.24210.0	    12/12/16 11:56:10
	BLACKJAC					     Page 1 - 1


				TITLE BLACKJACK
				; Description:BlackJack Project
				; Team: Scott Howland, Clinton Grove, Aaron ,Jacob
				; 
				; Revision date:

				INCLUDE Irvine32.inc
			      C ; Include file for Irvine32.lib             (Irvine32.inc)
			      C 
			      C ;OPTION CASEMAP:NONE		; optional: make identifiers case-sensitive
			      C 
			      C INCLUDE SmallWin.inc		; MS-Windows prototypes, structures, and constants
			      C .NOLIST
			      C .LIST
			      C 
			      C INCLUDE VirtualKeys.inc
			      C ; VirtualKeys.inc
			      C .NOLIST
			      C .LIST
			      C 
			      C 
			      C .NOLIST
			      C .LIST
			      C 

 00000000			.data
 00000000  00000034 [		deck BYTE 52 DUP(?)
	    00
	   ]
 00000034  00000034 [		shuffled_deck BYTE 52 DUP(?)
	    00
	   ]
 00000068 34			shuffle_range_size BYTE 52
 00000069 00000000		shift_index DWORD ?
 0000006D 00			shuffled_idx BYTE 0

 0000006E  0000000A [		dealer_hand BYTE 10 DUP(?)
	    00
	   ]
 00000078 00			dealer_facedown BYTE ?
 00000079 00			dealer_idx BYTE 0

 0000007A  0000000A [		player_hand BYTE 10 DUP(?)
	    00
	   ]
 00000084 00			player_facedown BYTE ?
 00000085 00			player_idx BYTE 0

 00000086 46 61 63 65 20	face_up_string BYTE "Face Up: ",0
	   55 70 3A 20 00
 00000090 46 61 63 65 20	face_down_string BYTE "Face Down: ",0
	   44 6F 77 6E 3A
	   20 00
 0000009C 44 65 61 6C 65	dealer_faceup_string BYTE "Dealer: ",0
	   72 3A 20 00
 000000A5 31 2E 20 48 69	hit_or_stay BYTE "1. Hit or 2. Stay: ",0
	   74 20 6F 72 20
	   32 2E 20 53 74
	   61 79 3A 20 00
 000000B9 59 6F 75 20 42	bust_msg BYTE "You Busted! Press 1 to play again, 0 to exit.", 0
	   75 73 74 65 64
	   21 20 50 72 65
	   73 73 20 31 20
	   74 6F 20 70 6C
	   61 79 20 61 67
	   61 69 6E 2C 20
	   30 20 74 6F 20
	   65 78 69 74 2E
	   00
 00000000			.code

 00000000			main PROC




 00000000			GameLoop:
 00000000  E8 000000A3			call ClearHands

 00000005  C6 05 0000006D R		mov shuffled_idx, 0
	   00
 0000000C  C7 05 00000069 R		mov shift_index, 0
	   00000000
 00000016  C6 05 00000068 R		mov shuffle_range_size, 52
	   34

 0000001D  E8 000000FB			call deckgen
 00000022  E8 0000011D			call shuffle
 00000027  E8 000000B4			call DealHands


 0000002C			MainLoop:
 0000002C  E8 00000000 E		call clrscr
 00000031  E8 00000218			call DisplayCards
 00000036  E8 0000026D			call HitOrStay
 0000003B  E8 00000000 E		call clrscr
 00000040  E8 00000039			call CheckBust
 00000045  83 F8 00			cmp eax, 0
 00000048  74 E2			je MainLoop
 0000004A  83 F8 01			cmp eax, 1
 0000004D  74 00			je Bust

 0000004F			Bust:
 0000004F  E8 000001FA			call DisplayCards
 00000054  E8 00000000 E		call crlf

 00000059  BA 000000B9 R		mov edx, OFFSET bust_msg
 0000005E  E8 00000000 E		call WriteString
 00000063  E8 00000000 E		call crlf
 00000068  E8 00000000 E		call ReadInt
 0000006D  83 F8 01			cmp eax, 1
 00000070  74 8E			je GameLoop
 00000072  83 F8 00			cmp eax, 0
 00000075  74 00			je ExitGame

 00000077			ExitGame:
					invoke ExitProcess, 0
 00000077  6A 00	   *	    push   +000000000h
 00000079  E8 00000000 E   *	    call   ExitProcess
 0000007E			main ENDP

 0000007E			CheckBust PROC
 0000007E  A0 00000084 R		mov al, player_facedown
 00000083  BE 00000000			mov esi, 0
 00000088  B9 0000000A			mov ecx, LENGTHOF player_hand
 0000008D				SumLoop:
 0000008D  02 86 0000007A R			add al, player_hand[esi]
 00000093  46					inc esi
 00000094  83 F8 15				cmp eax, 21
 00000097  77 08				ja Bust
 00000099  E2 F2				loop SumLoop
 0000009B  B8 00000000				mov eax, 0
 000000A0  C3					ret
 000000A1				Bust:
 000000A1  B8 00000001				mov eax, 1
 000000A6  C3					ret
						

 000000A7  C3			ret
 000000A8			CheckBust ENDP

 000000A8			ClearHands PROC
 000000A8  B9 0000000B		mov ecx, 11
 000000AD  BE 00000000		mov esi, 0

 000000B2  C6 05 00000078 R	mov dealer_facedown, 0
	   00
 000000B9  C6 05 00000084 R	mov player_facedown, 0
	   00

 000000C0  C6 05 00000085 R	mov player_idx, 0
	   00
 000000C7  C6 05 00000079 R	mov dealer_idx, 0
	   00

 000000CE			clearhand:
 000000CE  C6 86 0000007A R		mov player_hand[esi],0
	   00
 000000D5  C6 86 0000006E R		mov dealer_hand[esi],0
	   00
 000000DC  46				inc esi
 000000DD  E2 EF			loop clearhand


 000000DF  C3			ret
 000000E0			ClearHands ENDP

 000000E0			DealHands PROC

 000000E0  BA 00000000			mov edx, 0
 000000E5  BB 00000000			mov ebx, 0
 000000EA  E8 000000D4			call DealToHand ;Player Faceup
 000000EF  BA 00000000			mov edx, 0
 000000F4  BB 00000001			mov ebx, 1
 000000F9  E8 000000C5			call DealToHand ;Dealer Faceup

 000000FE  BA 00000001			mov edx, 1
 00000103  BB 00000000			mov ebx, 0
 00000108  E8 000000B6			call DealToHand ;Player Facedown
 0000010D  BA 00000001			mov edx, 1
 00000112  BB 00000001			mov ebx, 1
 00000117  E8 000000A7			call DealToHand ;Dealer Facedown

 0000011C  C3			ret
 0000011D			DealHands ENDP

 0000011D			deckgen PROC
 0000011D  BE 00000000			mov esi, 0
 00000122  B3 01			mov bl, 1
 00000124  B9 0000000C			mov ecx, 12
					;movzx esi, BYTE PTR [deck]

 00000129				ADD_TYPES:
 00000129  E8 00000004				call addtype
 0000012E  FE C3				inc bl
 00000130  E2 F7				loop ADD_TYPES
 00000132			deckgen ENDP


 00000132			addtype PROC USES ecx
 00000132  51		   *	    push   ecx
 00000133  B9 00000004			mov ecx, 4
 00000138				ADD_ELEMENT:
 00000138  88 1C 35				mov deck[esi * BYTE], bl
	   00000000 R
 0000013F  46					inc esi
 00000140  E2 F6				loop ADD_ELEMENT
					ret
 00000142  59		   *	    pop    ecx
 00000143  C3		   *	    ret    00000h
 00000144			addtype ENDP

 00000144			shuffle PROC USES esi 
 00000144  56		   *	    push   esi
 00000145  B9 00000034			mov ecx, 52
 0000014A  0F B6 35			movzx esi, BYTE PTR [shuffled_deck]
	   00000034 R
 00000151  E8 00000000 E		call Randomize
 00000156				SHUFFLEL:
 00000156  0F B6 05				movzx eax, shuffle_range_size
	   00000068 R
 0000015D  40					inc eax
 0000015E  E8 00000000 E			call RandomRange
 00000163  8A 1C 05				mov bl, deck[eax * BYTE]
	   00000000 R
 0000016A  88 1C 35				mov shuffled_deck[esi * BYTE], bl
	   00000034 R
 00000171  46					inc esi
 00000172  FE 0D 00000068 R			dec shuffle_range_size
 00000178  E8 00000004				call shiftleft
 0000017D  E2 D7				loop SHUFFLEL

					ret
 0000017F  5E		   *	    pop    esi
 00000180  C3		   *	    ret    00000h
 00000181			shuffle ENDP

 00000181			shiftleft PROC USES eax ecx edx
 00000181  50		   *	    push   eax
 00000182  51		   *	    push   ecx
 00000183  52		   *	    push   edx
 00000184  A3 00000069 R		mov shift_index, eax
 00000189  B8 00000034			mov eax, LENGTHOF deck
 0000018E  2B 05 00000069 R		sub eax, shift_index
 00000194  48				dec eax
 00000195  48				dec eax
 00000196  8B C8			mov ecx, eax
 00000198				SHIFTL:
 00000198  A1 00000069 R			mov eax, shift_index
 0000019D  40					inc eax
 0000019E  8A 1C 05				mov bl, deck[eax * BYTE] 
	   00000000 R
 000001A5  8B 15 00000069 R			mov edx, shift_index
 000001AB  88 1C 15				mov deck[edx * BYTE], bl
	   00000000 R
 000001B2  A1 00000069 R			mov eax, shift_index
 000001B7  40					inc eax
 000001B8  A3 00000069 R			mov shift_index, eax
 000001BD  E2 D9				loop SHIFTL

					ret
 000001BF  5A		   *	    pop    edx
 000001C0  59		   *	    pop    ecx
 000001C1  58		   *	    pop    eax
 000001C2  C3		   *	    ret    00000h
 000001C3			shiftleft ENDP

 000001C3			DealToHand PROC ;edx bool var to indicate face up or face down if true, ecx true if dealing to dealer
 000001C3  0F B6 35			movzx esi, shuffled_idx
	   0000006D R
 000001CA  83 FA 01			cmp edx, 1
 000001CD  74 05			je FACEDOWN
 000001CF  83 FA 00			cmp edx, 0
 000001D2  74 30			je FACEUP


 000001D4				FACEDOWN:
 000001D4  83 FB 01				cmp ebx, 1
 000001D7  74 05				je DEALER_DOWN
 000001D9  83 FB 00				cmp ebx, 0
 000001DC  74 13				je PLAYER_DOWN

 000001DE					DEALER_DOWN:
 000001DE  8A 8E 00000034 R				mov cl, shuffled_deck[esi]
 000001E4  88 0D 00000078 R				mov dealer_facedown, cl
 000001EA  FE 05 0000006D R				inc shuffled_idx
 000001F0  C3						ret
 000001F1					PLAYER_DOWN:
 000001F1  8A 8E 00000034 R				mov cl, shuffled_deck[esi]
 000001F7  88 0D 00000084 R				mov player_facedown, cl
 000001FD  FE 05 0000006D R				inc shuffled_idx
 00000203  C3						ret

 00000204				FACEUP:
 00000204  83 FB 01				cmp ebx, 1
 00000207  74 05				je DEALER_UP
 00000209  83 FB 00				cmp ebx, 0
 0000020C  74 20				je PLAYER_UP

 0000020E					DEALER_UP:
 0000020E  0F B6 05					movzx eax, dealer_idx
	   00000079 R
 00000215  8A 8E 00000034 R				mov cl, shuffled_deck[esi]
 0000021B  88 88 0000006E R				mov dealer_hand[eax], cl
 00000221  FE 05 0000006D R				inc shuffled_idx
 00000227  FE 05 00000079 R				inc dealer_idx
 0000022D  C3						ret
 0000022E					PLAYER_UP:
 0000022E  0F B6 05					movzx eax, player_idx
	   00000085 R
 00000235  8A 8E 00000034 R				mov cl, shuffled_deck[esi]
 0000023B  88 88 0000007A R				mov player_hand[eax], cl
 00000241  FE 05 0000006D R				inc shuffled_idx
 00000247  FE 05 00000085 R				inc player_idx
 0000024D  C3						ret

 0000024E			DealToHand ENDP

 0000024E			DisplayCards PROC

 0000024E  BA 00000086 R		mov edx,OFFSET face_up_string
 00000253  E8 00000000 E		call WriteString
 00000258  BE 00000000			mov esi,0
 0000025D  B9 0000000A			mov ecx, LENGTHOF player_hand
 00000262				PlayerHand:
 00000262  8A 86 0000007A R			mov al, player_hand[esi]
 00000268  E8 00000000 E			call WriteInt
 0000026D  46					inc esi
 0000026E  E2 F2				loop PlayerHand

 00000270  E8 00000000 E		call crlf
 00000275  BA 00000090 R		mov edx, OFFSET face_down_string
 0000027A  E8 00000000 E		call WriteString
 0000027F  A0 00000084 R		mov al, player_facedown
 00000284  E8 00000000 E		call WriteInt
 00000289  E8 00000000 E		call crlf

 0000028E  BA 0000009C R		mov edx, OFFSET dealer_faceup_string
 00000293  E8 00000000 E		call WriteString
 00000298  A0 0000006E R		mov al, dealer_hand[0]
 0000029D  E8 00000000 E		call WriteInt
 000002A2  E8 00000000 E		call crlf

 000002A7  C3				ret
 000002A8			DisplayCards ENDP

 000002A8			HitOrStay PROC

 000002A8  BA 000000A5 R		mov edx,OFFSET hit_or_stay
 000002AD  E8 00000000 E		call WriteString
 000002B2  E8 00000000 E		call ReadInt
 000002B7  83 F8 01			cmp eax,1
 000002BA  74 01			je HIT
 000002BC  C3				ret

 000002BD				HIT:
 000002BD  BA 00000000				mov edx,0
 000002C2  BB 00000000				mov ebx,0
 000002C7  E8 FFFFFEF7				call DealToHand
 000002CC  C3					ret

 000002CD			HitOrStay ENDP

				END main
Microsoft (R) Macro Assembler Version 14.00.24210.0	    12/12/16 11:56:10
	BLACKJAC					     Symbols 2 - 1




Structures and Unions:

                N a m e                  Size
                                         Offset      Type

CONSOLE_CURSOR_INFO  . . . . . .	 00000008
  dwSize . . . . . . . . . . . .	 00000000	 DWord
  bVisible . . . . . . . . . . .	 00000004	 DWord
CONSOLE_SCREEN_BUFFER_INFO . . .	 00000016
  dwSize . . . . . . . . . . . .	 00000000	 DWord
  dwCursorPosition . . . . . . .	 00000004	 DWord
  wAttributes  . . . . . . . . .	 00000008	 Word
  srWindow . . . . . . . . . . .	 0000000A	 QWord
  dwMaximumWindowSize  . . . . .	 00000012	 DWord
COORD  . . . . . . . . . . . . .	 00000004
  X  . . . . . . . . . . . . . .	 00000000	 Word
  Y  . . . . . . . . . . . . . .	 00000002	 Word
FILETIME . . . . . . . . . . . .	 00000008
  loDateTime . . . . . . . . . .	 00000000	 DWord
  hiDateTime . . . . . . . . . .	 00000004	 DWord
FOCUS_EVENT_RECORD . . . . . . .	 00000004
  bSetFocus  . . . . . . . . . .	 00000000	 DWord
FPU_ENVIRON  . . . . . . . . . .	 0000001C
  controlWord  . . . . . . . . .	 00000000	 Word
  statusWord . . . . . . . . . .	 00000004	 Word
  tagWord  . . . . . . . . . . .	 00000008	 Word
  instrPointerOffset . . . . . .	 0000000C	 DWord
  instrPointerSelector . . . . .	 00000010	 DWord
  operandPointerOffset . . . . .	 00000014	 DWord
  operandPointerSelector . . . .	 00000018	 Word
INPUT_RECORD . . . . . . . . . .	 00000014
  EventType  . . . . . . . . . .	 00000000	 Word
  Event  . . . . . . . . . . . .	 00000004	 XmmWord
  bKeyDown . . . . . . . . . . .	 00000000	 DWord
  wRepeatCount . . . . . . . . .	 00000004	 Word
  wVirtualKeyCode  . . . . . . .	 00000006	 Word
  wVirtualScanCode . . . . . . .	 00000008	 Word
  uChar  . . . . . . . . . . . .	 0000000A	 Word
  UnicodeChar  . . . . . . . . .	 00000000	 Word
  AsciiChar  . . . . . . . . . .	 00000000	 Byte
  dwControlKeyState  . . . . . .	 0000000C	 DWord
  dwMousePosition  . . . . . . .	 00000000	 DWord
  dwButtonState  . . . . . . . .	 00000004	 DWord
  dwMouseControlKeyState . . . .	 00000008	 DWord
  dwEventFlags . . . . . . . . .	 0000000C	 DWord
  dwSize . . . . . . . . . . . .	 00000000	 DWord
  dwCommandId  . . . . . . . . .	 00000000	 DWord
  bSetFocus  . . . . . . . . . .	 00000000	 DWord
KEY_EVENT_RECORD . . . . . . . .	 00000010
  bKeyDown . . . . . . . . . . .	 00000000	 DWord
  wRepeatCount . . . . . . . . .	 00000004	 Word
  wVirtualKeyCode  . . . . . . .	 00000006	 Word
  wVirtualScanCode . . . . . . .	 00000008	 Word
  uChar  . . . . . . . . . . . .	 0000000A	 Word
  UnicodeChar  . . . . . . . . .	 00000000	 Word
  AsciiChar  . . . . . . . . . .	 00000000	 Byte
  dwControlKeyState  . . . . . .	 0000000C	 DWord
MENU_EVENT_RECORD  . . . . . . .	 00000004
  dwCommandId  . . . . . . . . .	 00000000	 DWord
MOUSE_EVENT_RECORD . . . . . . .	 00000010
  dwMousePosition  . . . . . . .	 00000000	 DWord
  dwButtonState  . . . . . . . .	 00000004	 DWord
  dwMouseControlKeyState . . . .	 00000008	 DWord
  dwEventFlags . . . . . . . . .	 0000000C	 DWord
SMALL_RECT . . . . . . . . . . .	 00000008
  Left . . . . . . . . . . . . .	 00000000	 Word
  Top  . . . . . . . . . . . . .	 00000002	 Word
  Right  . . . . . . . . . . . .	 00000004	 Word
  Bottom . . . . . . . . . . . .	 00000006	 Word
SYSTEMTIME . . . . . . . . . . .	 00000010
  wYear  . . . . . . . . . . . .	 00000000	 Word
  wMonth . . . . . . . . . . . .	 00000002	 Word
  wDayOfWeek . . . . . . . . . .	 00000004	 Word
  wDay . . . . . . . . . . . . .	 00000006	 Word
  wHour  . . . . . . . . . . . .	 00000008	 Word
  wMinute  . . . . . . . . . . .	 0000000A	 Word
  wSecond  . . . . . . . . . . .	 0000000C	 Word
  wMilliseconds  . . . . . . . .	 0000000E	 Word
WINDOW_BUFFER_SIZE_RECORD  . . .	 00000004
  dwSize . . . . . . . . . . . .	 00000000	 DWord


Segments and Groups:

                N a m e                 Size     Length   Align   Combine Class

FLAT . . . . . . . . . . . . . .	GROUP
STACK  . . . . . . . . . . . . .	32 Bit	 00001000 Para	  Stack	  'STACK'	 
_DATA  . . . . . . . . . . . . .	32 Bit	 000000E7 Para	  Public  'DATA'	
_TEXT  . . . . . . . . . . . . .	32 Bit	 000002CD Para	  Public  'CODE'	


Procedures, parameters, and locals:

                N a m e                 Type     Value    Attr

CheckBust  . . . . . . . . . . .	P Near	 0000007E _TEXT	Length= 0000002A Public STDCALL
  SumLoop  . . . . . . . . . . .	L Near	 0000008D _TEXT	
  Bust . . . . . . . . . . . . .	L Near	 000000A1 _TEXT	
ClearHands . . . . . . . . . . .	P Near	 000000A8 _TEXT	Length= 00000038 Public STDCALL
  clearhand  . . . . . . . . . .	L Near	 000000CE _TEXT	
CloseFile  . . . . . . . . . . .	P Near	 00000000 FLAT	Length= 00000000 External STDCALL
CloseHandle  . . . . . . . . . .	P Near	 00000000 FLAT	Length= 00000000 External STDCALL
Clrscr . . . . . . . . . . . . .	P Near	 00000000 FLAT	Length= 00000000 External STDCALL
CreateFileA  . . . . . . . . . .	P Near	 00000000 FLAT	Length= 00000000 External STDCALL
CreateOutputFile . . . . . . . .	P Near	 00000000 FLAT	Length= 00000000 External STDCALL
Crlf . . . . . . . . . . . . . .	P Near	 00000000 FLAT	Length= 00000000 External STDCALL
DealHands  . . . . . . . . . . .	P Near	 000000E0 _TEXT	Length= 0000003D Public STDCALL
DealToHand . . . . . . . . . . .	P Near	 000001C3 _TEXT	Length= 0000008B Public STDCALL
  FACEDOWN . . . . . . . . . . .	L Near	 000001D4 _TEXT	
  DEALER_DOWN  . . . . . . . . .	L Near	 000001DE _TEXT	
  PLAYER_DOWN  . . . . . . . . .	L Near	 000001F1 _TEXT	
  FACEUP . . . . . . . . . . . .	L Near	 00000204 _TEXT	
  DEALER_UP  . . . . . . . . . .	L Near	 0000020E _TEXT	
  PLAYER_UP  . . . . . . . . . .	L Near	 0000022E _TEXT	
Delay  . . . . . . . . . . . . .	P Near	 00000000 FLAT	Length= 00000000 External STDCALL
DisplayCards . . . . . . . . . .	P Near	 0000024E _TEXT	Length= 0000005A Public STDCALL
  PlayerHand . . . . . . . . . .	L Near	 00000262 _TEXT	
DumpMem  . . . . . . . . . . . .	P Near	 00000000 FLAT	Length= 00000000 External STDCALL
DumpRegs . . . . . . . . . . . .	P Near	 00000000 FLAT	Length= 00000000 External STDCALL
ExitProcess  . . . . . . . . . .	P Near	 00000000 FLAT	Length= 00000000 External STDCALL
FileTimeToDosDateTime  . . . . .	P Near	 00000000 FLAT	Length= 00000000 External STDCALL
FileTimeToSystemTime . . . . . .	P Near	 00000000 FLAT	Length= 00000000 External STDCALL
FlushConsoleInputBuffer  . . . .	P Near	 00000000 FLAT	Length= 00000000 External STDCALL
FormatMessageA . . . . . . . . .	P Near	 00000000 FLAT	Length= 00000000 External STDCALL
GetCommandLineA  . . . . . . . .	P Near	 00000000 FLAT	Length= 00000000 External STDCALL
GetCommandTail . . . . . . . . .	P Near	 00000000 FLAT	Length= 00000000 External STDCALL
GetConsoleCP . . . . . . . . . .	P Near	 00000000 FLAT	Length= 00000000 External STDCALL
GetConsoleCursorInfo . . . . . .	P Near	 00000000 FLAT	Length= 00000000 External STDCALL
GetConsoleMode . . . . . . . . .	P Near	 00000000 FLAT	Length= 00000000 External STDCALL
GetConsoleScreenBufferInfo . . .	P Near	 00000000 FLAT	Length= 00000000 External STDCALL
GetDateTime  . . . . . . . . . .	P Near	 00000000 FLAT	Length= 00000000 External STDCALL
GetFileTime  . . . . . . . . . .	P Near	 00000000 FLAT	Length= 00000000 External STDCALL
GetKeyState  . . . . . . . . . .	P Near	 00000000 FLAT	Length= 00000000 External STDCALL
GetLastError . . . . . . . . . .	P Near	 00000000 FLAT	Length= 00000000 External STDCALL
GetLocalTime . . . . . . . . . .	P Near	 00000000 FLAT	Length= 00000000 External STDCALL
GetMaxXY . . . . . . . . . . . .	P Near	 00000000 FLAT	Length= 00000000 External STDCALL
GetMseconds  . . . . . . . . . .	P Near	 00000000 FLAT	Length= 00000000 External STDCALL
GetNumberOfConsoleInputEvents  .	P Near	 00000000 FLAT	Length= 00000000 External STDCALL
GetProcessHeap . . . . . . . . .	P Near	 00000000 FLAT	Length= 00000000 External STDCALL
GetStdHandle . . . . . . . . . .	P Near	 00000000 FLAT	Length= 00000000 External STDCALL
GetSystemTime  . . . . . . . . .	P Near	 00000000 FLAT	Length= 00000000 External STDCALL
GetTextColor . . . . . . . . . .	P Near	 00000000 FLAT	Length= 00000000 External STDCALL
GetTickCount . . . . . . . . . .	P Near	 00000000 FLAT	Length= 00000000 External STDCALL
Gotoxy . . . . . . . . . . . . .	P Near	 00000000 FLAT	Length= 00000000 External STDCALL
HeapAlloc  . . . . . . . . . . .	P Near	 00000000 FLAT	Length= 00000000 External STDCALL
HeapCreate . . . . . . . . . . .	P Near	 00000000 FLAT	Length= 00000000 External STDCALL
HeapDestroy  . . . . . . . . . .	P Near	 00000000 FLAT	Length= 00000000 External STDCALL
HeapFree . . . . . . . . . . . .	P Near	 00000000 FLAT	Length= 00000000 External STDCALL
HeapSize . . . . . . . . . . . .	P Near	 00000000 FLAT	Length= 00000000 External STDCALL
HitOrStay  . . . . . . . . . . .	P Near	 000002A8 _TEXT	Length= 00000025 Public STDCALL
  HIT  . . . . . . . . . . . . .	L Near	 000002BD _TEXT	
IsDigit  . . . . . . . . . . . .	P Near	 00000000 FLAT	Length= 00000000 External STDCALL
LocalFree  . . . . . . . . . . .	P Near	 00000000 FLAT	Length= 00000000 External STDCALL
MessageBoxA  . . . . . . . . . .	P Near	 00000000 FLAT	Length= 00000000 External STDCALL
MsgBoxAsk  . . . . . . . . . . .	P Near	 00000000 FLAT	Length= 00000000 External STDCALL
MsgBox . . . . . . . . . . . . .	P Near	 00000000 FLAT	Length= 00000000 External STDCALL
OpenInputFile  . . . . . . . . .	P Near	 00000000 FLAT	Length= 00000000 External STDCALL
ParseDecimal32 . . . . . . . . .	P Near	 00000000 FLAT	Length= 00000000 External STDCALL
ParseInteger32 . . . . . . . . .	P Near	 00000000 FLAT	Length= 00000000 External STDCALL
PeekConsoleInputA  . . . . . . .	P Near	 00000000 FLAT	Length= 00000000 External STDCALL
Random32 . . . . . . . . . . . .	P Near	 00000000 FLAT	Length= 00000000 External STDCALL
RandomRange  . . . . . . . . . .	P Near	 00000000 FLAT	Length= 00000000 External STDCALL
Randomize  . . . . . . . . . . .	P Near	 00000000 FLAT	Length= 00000000 External STDCALL
ReadChar . . . . . . . . . . . .	P Near	 00000000 FLAT	Length= 00000000 External STDCALL
ReadConsoleA . . . . . . . . . .	P Near	 00000000 FLAT	Length= 00000000 External STDCALL
ReadConsoleInputA  . . . . . . .	P Near	 00000000 FLAT	Length= 00000000 External STDCALL
ReadDec  . . . . . . . . . . . .	P Near	 00000000 FLAT	Length= 00000000 External STDCALL
ReadFile . . . . . . . . . . . .	P Near	 00000000 FLAT	Length= 00000000 External STDCALL
ReadFloat  . . . . . . . . . . .	P Near	 00000000 FLAT	Length= 00000000 External STDCALL
ReadFromFile . . . . . . . . . .	P Near	 00000000 FLAT	Length= 00000000 External STDCALL
ReadHex  . . . . . . . . . . . .	P Near	 00000000 FLAT	Length= 00000000 External STDCALL
ReadInt  . . . . . . . . . . . .	P Near	 00000000 FLAT	Length= 00000000 External STDCALL
ReadKeyFlush . . . . . . . . . .	P Near	 00000000 FLAT	Length= 00000000 External STDCALL
ReadKey  . . . . . . . . . . . .	P Near	 00000000 FLAT	Length= 00000000 External STDCALL
ReadString . . . . . . . . . . .	P Near	 00000000 FLAT	Length= 00000000 External STDCALL
SetConsoleCursorInfo . . . . . .	P Near	 00000000 FLAT	Length= 00000000 External STDCALL
SetConsoleCursorPosition . . . .	P Near	 00000000 FLAT	Length= 00000000 External STDCALL
SetConsoleMode . . . . . . . . .	P Near	 00000000 FLAT	Length= 00000000 External STDCALL
SetConsoleScreenBufferSize . . .	P Near	 00000000 FLAT	Length= 00000000 External STDCALL
SetConsoleTextAttribute  . . . .	P Near	 00000000 FLAT	Length= 00000000 External STDCALL
SetConsoleTitleA . . . . . . . .	P Near	 00000000 FLAT	Length= 00000000 External STDCALL
SetConsoleWindowInfo . . . . . .	P Near	 00000000 FLAT	Length= 00000000 External STDCALL
SetFilePointer . . . . . . . . .	P Near	 00000000 FLAT	Length= 00000000 External STDCALL
SetLocalTime . . . . . . . . . .	P Near	 00000000 FLAT	Length= 00000000 External STDCALL
SetTextColor . . . . . . . . . .	P Near	 00000000 FLAT	Length= 00000000 External STDCALL
ShowFPUStack . . . . . . . . . .	P Near	 00000000 FLAT	Length= 00000000 External STDCALL
Sleep  . . . . . . . . . . . . .	P Near	 00000000 FLAT	Length= 00000000 External STDCALL
StrLength  . . . . . . . . . . .	P Near	 00000000 FLAT	Length= 00000000 External STDCALL
Str_compare  . . . . . . . . . .	P Near	 00000000 FLAT	Length= 00000000 External STDCALL
Str_copy . . . . . . . . . . . .	P Near	 00000000 FLAT	Length= 00000000 External STDCALL
Str_length . . . . . . . . . . .	P Near	 00000000 FLAT	Length= 00000000 External STDCALL
Str_trim . . . . . . . . . . . .	P Near	 00000000 FLAT	Length= 00000000 External STDCALL
Str_ucase  . . . . . . . . . . .	P Near	 00000000 FLAT	Length= 00000000 External STDCALL
SystemTimeToFileTime . . . . . .	P Near	 00000000 FLAT	Length= 00000000 External STDCALL
WaitMsg  . . . . . . . . . . . .	P Near	 00000000 FLAT	Length= 00000000 External STDCALL
WriteBinB  . . . . . . . . . . .	P Near	 00000000 FLAT	Length= 00000000 External STDCALL
WriteBin . . . . . . . . . . . .	P Near	 00000000 FLAT	Length= 00000000 External STDCALL
WriteChar  . . . . . . . . . . .	P Near	 00000000 FLAT	Length= 00000000 External STDCALL
WriteConsoleA  . . . . . . . . .	P Near	 00000000 FLAT	Length= 00000000 External STDCALL
WriteConsoleOutputAttribute  . .	P Near	 00000000 FLAT	Length= 00000000 External STDCALL
WriteConsoleOutputCharacterA . .	P Near	 00000000 FLAT	Length= 00000000 External STDCALL
WriteDec . . . . . . . . . . . .	P Near	 00000000 FLAT	Length= 00000000 External STDCALL
WriteFile  . . . . . . . . . . .	P Near	 00000000 FLAT	Length= 00000000 External STDCALL
WriteFloat . . . . . . . . . . .	P Near	 00000000 FLAT	Length= 00000000 External STDCALL
WriteHexB  . . . . . . . . . . .	P Near	 00000000 FLAT	Length= 00000000 External STDCALL
WriteHex . . . . . . . . . . . .	P Near	 00000000 FLAT	Length= 00000000 External STDCALL
WriteInt . . . . . . . . . . . .	P Near	 00000000 FLAT	Length= 00000000 External STDCALL
WriteStackFrameName  . . . . . .	P Near	 00000000 FLAT	Length= 00000000 External STDCALL
WriteStackFrame  . . . . . . . .	P Near	 00000000 FLAT	Length= 00000000 External STDCALL
WriteString  . . . . . . . . . .	P Near	 00000000 FLAT	Length= 00000000 External STDCALL
WriteToFile  . . . . . . . . . .	P Near	 00000000 FLAT	Length= 00000000 External STDCALL
WriteWindowsMsg  . . . . . . . .	P Near	 00000000 FLAT	Length= 00000000 External STDCALL
addtype  . . . . . . . . . . . .	P Near	 00000132 _TEXT	Length= 00000012 Public STDCALL
  ADD_ELEMENT  . . . . . . . . .	L Near	 00000138 _TEXT	
deckgen  . . . . . . . . . . . .	P Near	 0000011D _TEXT	Length= 00000015 Public STDCALL
  ADD_TYPES  . . . . . . . . . .	L Near	 00000129 _TEXT	
main . . . . . . . . . . . . . .	P Near	 00000000 _TEXT	Length= 0000007E Public STDCALL
  GameLoop . . . . . . . . . . .	L Near	 00000000 _TEXT	
  MainLoop . . . . . . . . . . .	L Near	 0000002C _TEXT	
  Bust . . . . . . . . . . . . .	L Near	 0000004F _TEXT	
  ExitGame . . . . . . . . . . .	L Near	 00000077 _TEXT	
printf . . . . . . . . . . . . .	P Near	 00000000 FLAT	Length= 00000000 External C
scanf  . . . . . . . . . . . . .	P Near	 00000000 FLAT	Length= 00000000 External C
shiftleft  . . . . . . . . . . .	P Near	 00000181 _TEXT	Length= 00000042 Public STDCALL
  SHIFTL . . . . . . . . . . . .	L Near	 00000198 _TEXT	
shuffle  . . . . . . . . . . . .	P Near	 00000144 _TEXT	Length= 0000003D Public STDCALL
  SHUFFLEL . . . . . . . . . . .	L Near	 00000156 _TEXT	
wsprintfA  . . . . . . . . . . .	P Near	 00000000 FLAT	Length= 00000000 External C


Symbols:

                N a m e                 Type     Value    Attr

@CodeSize  . . . . . . . . . . .	Number	 00000000h   
@DataSize  . . . . . . . . . . .	Number	 00000000h   
@Interface . . . . . . . . . . .	Number	 00000003h   
@Model . . . . . . . . . . . . .	Number	 00000007h   
@code  . . . . . . . . . . . . .	Text   	 _TEXT
@data  . . . . . . . . . . . . .	Text   	 FLAT
@fardata?  . . . . . . . . . . .	Text   	 FLAT
@fardata . . . . . . . . . . . .	Text   	 FLAT
@stack . . . . . . . . . . . . .	Text   	 FLAT
ALT_MASK . . . . . . . . . . . .	Number	 00000003h   
CAPSLOCK_ON  . . . . . . . . . .	Number	 00000080h   
CREATE_ALWAYS  . . . . . . . . .	Number	 00000002h   
CREATE_NEW . . . . . . . . . . .	Number	 00000001h   
CTRL_MASK  . . . . . . . . . . .	Number	 0000000Ch   
CreateFile . . . . . . . . . . .	Text   	 CreateFileA
DO_NOT_SHARE . . . . . . . . . .	Number	 00000000h   
ENABLE_ECHO_INPUT  . . . . . . .	Number	 00000004h   
ENABLE_LINE_INPUT  . . . . . . .	Number	 00000002h   
ENABLE_MOUSE_INPUT . . . . . . .	Number	 00000010h   
ENABLE_PROCESSED_INPUT . . . . .	Number	 00000001h   
ENABLE_PROCESSED_OUTPUT  . . . .	Number	 00000001h   
ENABLE_WINDOW_INPUT  . . . . . .	Number	 00000008h   
ENABLE_WRAP_AT_EOL_OUTPUT  . . .	Number	 00000002h   
ENHANCED_KEY . . . . . . . . . .	Number	 00000100h   
FALSE  . . . . . . . . . . . . .	Number	 00000000h   
FILE_APPEND_DATA . . . . . . . .	Number	 00000004h   
FILE_ATTRIBUTE_ARCHIVE . . . . .	Number	 00000020h   
FILE_ATTRIBUTE_COMPRESSED  . . .	Number	 00000800h   
FILE_ATTRIBUTE_DEVICE  . . . . .	Number	 00000040h   
FILE_ATTRIBUTE_DIRECTORY . . . .	Number	 00000010h   
FILE_ATTRIBUTE_ENCRYPTED . . . .	Number	 00004000h   
FILE_ATTRIBUTE_HIDDEN  . . . . .	Number	 00000002h   
FILE_ATTRIBUTE_NORMAL  . . . . .	Number	 00000080h   
FILE_ATTRIBUTE_NOT_CONTENT_INDEXED .	Number	 00002000h   
FILE_ATTRIBUTE_OFFLINE . . . . .	Number	 00001000h   
FILE_ATTRIBUTE_READONLY  . . . .	Number	 00000001h   
FILE_ATTRIBUTE_REPARSE_POINT . .	Number	 00000400h   
FILE_ATTRIBUTE_SPARSE_FILE . . .	Number	 00000200h   
FILE_ATTRIBUTE_SYSTEM  . . . . .	Number	 00000004h   
FILE_ATTRIBUTE_TEMPORARY . . . .	Number	 00000100h   
FILE_BEGIN . . . . . . . . . . .	Number	 00000000h   
FILE_CURRENT . . . . . . . . . .	Number	 00000001h   
FILE_DELETE_CHILD  . . . . . . .	Number	 00000040h   
FILE_END . . . . . . . . . . . .	Number	 00000002h   
FILE_READ_DATA . . . . . . . . .	Number	 00000001h   
FILE_SHARE_DELETE  . . . . . . .	Number	 00000004h   
FILE_SHARE_READ  . . . . . . . .	Number	 00000001h   
FILE_SHARE_WRITE . . . . . . . .	Number	 00000002h   
FILE_WRITE_DATA  . . . . . . . .	Number	 00000002h   
FOCUS_EVENT  . . . . . . . . . .	Number	 00000010h   
FORMAT_MESSAGE_ALLOCATE_BUFFER .	Number	 00000100h   
FORMAT_MESSAGE_FROM_SYSTEM . . .	Number	 00001000h   
FormatMessage  . . . . . . . . .	Text   	 FormatMessageA
GENERIC_ALL  . . . . . . . . . .	Number	 10000000h   
GENERIC_EXECUTE  . . . . . . . .	Number	 20000000h   
GENERIC_READ . . . . . . . . . .	Number	 -80000000h   
GENERIC_WRITE  . . . . . . . . .	Number	 40000000h   
GetCommandLine . . . . . . . . .	Text   	 GetCommandLineA
HANDLE . . . . . . . . . . . . .	Text   	 DWORD
HEAP_GENERATE_EXCEPTIONS . . . .	Number	 00000004h   
HEAP_GROWABLE  . . . . . . . . .	Number	 00000002h   
HEAP_NO_SERIALIZE  . . . . . . .	Number	 00000001h   
HEAP_REALLOC_IN_PLACE_ONLY . . .	Number	 00000010h   
HEAP_ZERO_MEMORY . . . . . . . .	Number	 00000008h   
IDABORT  . . . . . . . . . . . .	Number	 00000003h   
IDCANCEL . . . . . . . . . . . .	Number	 00000002h   
IDCLOSE  . . . . . . . . . . . .	Number	 00000008h   
IDCONTINUE . . . . . . . . . . .	Number	 0000000Bh   
IDHELP . . . . . . . . . . . . .	Number	 00000009h   
IDIGNORE . . . . . . . . . . . .	Number	 00000005h   
IDNO . . . . . . . . . . . . . .	Number	 00000007h   
IDOK . . . . . . . . . . . . . .	Number	 00000001h   
IDRETRY  . . . . . . . . . . . .	Number	 00000004h   
IDTIMEOUT  . . . . . . . . . . .	Number	 00007D00h   
IDTRYAGAIN . . . . . . . . . . .	Number	 0000000Ah   
IDYES  . . . . . . . . . . . . .	Number	 00000006h   
INVALID_HANDLE_VALUE . . . . . .	Number	 -00000001h   
KBDOWN_FLAG  . . . . . . . . . .	Number	 00000001h   
KEY_EVENT  . . . . . . . . . . .	Number	 00000001h   
KEY_MASKS  . . . . . . . . . . .	Number	 0000001Fh   
LEFT_ALT_PRESSED . . . . . . . .	Number	 00000002h   
LEFT_CTRL_PRESSED  . . . . . . .	Number	 00000008h   
MB_ABORTRETRYIGNORE  . . . . . .	Number	 00000002h   
MB_APPLMODAL . . . . . . . . . .	Number	 00000000h   
MB_CANCELTRYCONTINUE . . . . . .	Number	 00000006h   
MB_DEFBUTTON1  . . . . . . . . .	Number	 00000000h   
MB_DEFBUTTON2  . . . . . . . . .	Number	 00000100h   
MB_DEFBUTTON3  . . . . . . . . .	Number	 00000200h   
MB_DEFBUTTON4  . . . . . . . . .	Number	 00000300h   
MB_HELP  . . . . . . . . . . . .	Number	 00004000h   
MB_ICONASTERISK  . . . . . . . .	Number	 00000040h   
MB_ICONERROR . . . . . . . . . .	Number	 00000010h   
MB_ICONEXCLAMATION . . . . . . .	Number	 00000030h   
MB_ICONHAND  . . . . . . . . . .	Number	 00000010h   
MB_ICONINFORMATION . . . . . . .	Number	 00000040h   
MB_ICONQUESTION  . . . . . . . .	Number	 00000020h   
MB_ICONSTOP  . . . . . . . . . .	Number	 00000010h   
MB_ICONWARNING . . . . . . . . .	Number	 00000030h   
MB_OKCANCEL  . . . . . . . . . .	Number	 00000001h   
MB_OK  . . . . . . . . . . . . .	Number	 00000000h   
MB_RETRYCANCEL . . . . . . . . .	Number	 00000005h   
MB_SYSTEMMODAL . . . . . . . . .	Number	 00001000h   
MB_TASKMODAL . . . . . . . . . .	Number	 00002000h   
MB_USERICON  . . . . . . . . . .	Number	 00000080h   
MB_YESNOCANCEL . . . . . . . . .	Number	 00000003h   
MB_YESNO . . . . . . . . . . . .	Number	 00000004h   
MENU_EVENT . . . . . . . . . . .	Number	 00000008h   
MOUSE_EVENT  . . . . . . . . . .	Number	 00000002h   
MessageBox . . . . . . . . . . .	Text   	 MessageBoxA
NULL . . . . . . . . . . . . . .	Number	 00000000h   
NUMLOCK_ON . . . . . . . . . . .	Number	 00000020h   
OPEN_ALWAYS  . . . . . . . . . .	Number	 00000004h   
OPEN_EXISTING  . . . . . . . . .	Number	 00000003h   
PeekConsoleInput . . . . . . . .	Text   	 PeekConsoleInputA
RIGHT_ALT_PRESSED  . . . . . . .	Number	 00000001h   
RIGHT_CTRL_PRESSED . . . . . . .	Number	 00000004h   
ReadConsoleInput . . . . . . . .	Text   	 ReadConsoleInputA
ReadConsole  . . . . . . . . . .	Text   	 ReadConsoleA
SCROLLLOCK_ON  . . . . . . . . .	Number	 00000040h   
SHIFT_MASK . . . . . . . . . . .	Number	 00000010h   
SHIFT_PRESSED  . . . . . . . . .	Number	 00000010h   
STD_ERROR_HANDLE . . . . . . . .	Number	 -0000000Ch   
STD_INPUT_HANDLE . . . . . . . .	Number	 -0000000Ah   
STD_OUTPUT_HANDLE  . . . . . . .	Number	 -0000000Bh   
SetConsoleTitle  . . . . . . . .	Text   	 SetConsoleTitleA
TAB  . . . . . . . . . . . . . .	Number	 00000009h   
TRUE . . . . . . . . . . . . . .	Number	 00000001h   
TRUNCATE_EXISTING  . . . . . . .	Number	 00000005h   
VK_11  . . . . . . . . . . . . .	Number	 000000BDh   
VK_12  . . . . . . . . . . . . .	Number	 000000BBh   
VK_ADD . . . . . . . . . . . . .	Number	 0000006Bh   
VK_BACK  . . . . . . . . . . . .	Number	 00000008h   
VK_CANCEL  . . . . . . . . . . .	Number	 00000003h   
VK_CAPITAL . . . . . . . . . . .	Number	 00000014h   
VK_CLEAR . . . . . . . . . . . .	Number	 0000000Ch   
VK_CONTROL . . . . . . . . . . .	Number	 00000011h   
VK_DECIMAL . . . . . . . . . . .	Number	 0000006Eh   
VK_DELETE  . . . . . . . . . . .	Number	 0000002Eh   
VK_DIVIDE  . . . . . . . . . . .	Number	 0000006Fh   
VK_DOWN  . . . . . . . . . . . .	Number	 00000028h   
VK_END . . . . . . . . . . . . .	Number	 00000023h   
VK_ESCAPE  . . . . . . . . . . .	Number	 0000001Bh   
VK_EXECUTE . . . . . . . . . . .	Number	 0000002Bh   
VK_F10 . . . . . . . . . . . . .	Number	 00000079h   
VK_F11 . . . . . . . . . . . . .	Number	 0000007Ah   
VK_F12 . . . . . . . . . . . . .	Number	 0000007Bh   
VK_F13 . . . . . . . . . . . . .	Number	 0000007Ch   
VK_F14 . . . . . . . . . . . . .	Number	 0000007Dh   
VK_F15 . . . . . . . . . . . . .	Number	 0000007Eh   
VK_F16 . . . . . . . . . . . . .	Number	 0000007Fh   
VK_F17 . . . . . . . . . . . . .	Number	 00000080h   
VK_F18 . . . . . . . . . . . . .	Number	 00000081h   
VK_F19 . . . . . . . . . . . . .	Number	 00000082h   
VK_F1  . . . . . . . . . . . . .	Number	 00000070h   
VK_F20 . . . . . . . . . . . . .	Number	 00000083h   
VK_F21 . . . . . . . . . . . . .	Number	 00000084h   
VK_F22 . . . . . . . . . . . . .	Number	 00000085h   
VK_F23 . . . . . . . . . . . . .	Number	 00000086h   
VK_F24 . . . . . . . . . . . . .	Number	 00000087h   
VK_F2  . . . . . . . . . . . . .	Number	 00000071h   
VK_F3  . . . . . . . . . . . . .	Number	 00000072h   
VK_F4  . . . . . . . . . . . . .	Number	 00000073h   
VK_F5  . . . . . . . . . . . . .	Number	 00000074h   
VK_F6  . . . . . . . . . . . . .	Number	 00000075h   
VK_F7  . . . . . . . . . . . . .	Number	 00000076h   
VK_F8  . . . . . . . . . . . . .	Number	 00000077h   
VK_F9  . . . . . . . . . . . . .	Number	 00000078h   
VK_HELP  . . . . . . . . . . . .	Number	 0000002Fh   
VK_HOME  . . . . . . . . . . . .	Number	 00000024h   
VK_INSERT  . . . . . . . . . . .	Number	 0000002Dh   
VK_LBUTTON . . . . . . . . . . .	Number	 00000001h   
VK_LCONTROL  . . . . . . . . . .	Number	 000000A2h   
VK_LEFT  . . . . . . . . . . . .	Number	 00000025h   
VK_LMENU . . . . . . . . . . . .	Number	 000000A4h   
VK_LSHIFT  . . . . . . . . . . .	Number	 000000A0h   
VK_MENU  . . . . . . . . . . . .	Number	 00000012h   
VK_MULTIPLY  . . . . . . . . . .	Number	 0000006Ah   
VK_NEXT  . . . . . . . . . . . .	Number	 00000022h   
VK_NUMLOCK . . . . . . . . . . .	Number	 00000090h   
VK_NUMPAD0 . . . . . . . . . . .	Number	 00000060h   
VK_NUMPAD1 . . . . . . . . . . .	Number	 00000061h   
VK_NUMPAD2 . . . . . . . . . . .	Number	 00000062h   
VK_NUMPAD3 . . . . . . . . . . .	Number	 00000063h   
VK_NUMPAD4 . . . . . . . . . . .	Number	 00000064h   
VK_NUMPAD5 . . . . . . . . . . .	Number	 00000065h   
VK_NUMPAD6 . . . . . . . . . . .	Number	 00000066h   
VK_NUMPAD7 . . . . . . . . . . .	Number	 00000067h   
VK_NUMPAD8 . . . . . . . . . . .	Number	 00000068h   
VK_NUMPAD9 . . . . . . . . . . .	Number	 00000069h   
VK_PAUSE . . . . . . . . . . . .	Number	 00000013h   
VK_PRINT . . . . . . . . . . . .	Number	 0000002Ah   
VK_PRIOR . . . . . . . . . . . .	Number	 00000021h   
VK_RBUTTON . . . . . . . . . . .	Number	 00000002h   
VK_RCONTROL  . . . . . . . . . .	Number	 000000A3h   
VK_RETURN  . . . . . . . . . . .	Number	 0000000Dh   
VK_RIGHT . . . . . . . . . . . .	Number	 00000027h   
VK_RMENU . . . . . . . . . . . .	Number	 000000A5h   
VK_RSHIFT  . . . . . . . . . . .	Number	 000000A1h   
VK_SCROLL  . . . . . . . . . . .	Number	 00000091h   
VK_SEPARATER . . . . . . . . . .	Number	 0000006Ch   
VK_SHIFT . . . . . . . . . . . .	Number	 00000010h   
VK_SNAPSHOT  . . . . . . . . . .	Number	 0000002Ch   
VK_SPACE . . . . . . . . . . . .	Number	 00000020h   
VK_SUBTRACT  . . . . . . . . . .	Number	 0000006Dh   
VK_TAB . . . . . . . . . . . . .	Number	 00000009h   
VK_UP  . . . . . . . . . . . . .	Number	 00000026h   
WINDOW_BUFFER_SIZE_EVENT . . . .	Number	 00000004h   
WriteConsoleOutputCharacter  . .	Text   	 WriteConsoleOutputCharacterA
WriteConsole . . . . . . . . . .	Text   	 WriteConsoleA
black  . . . . . . . . . . . . .	Number	 00000000h   
blue . . . . . . . . . . . . . .	Number	 00000001h   
brown  . . . . . . . . . . . . .	Number	 00000006h   
bust_msg . . . . . . . . . . . .	Byte	 000000B9 _DATA	
cyan . . . . . . . . . . . . . .	Number	 00000003h   
dealer_facedown  . . . . . . . .	Byte	 00000078 _DATA	
dealer_faceup_string . . . . . .	Byte	 0000009C _DATA	
dealer_hand  . . . . . . . . . .	Byte	 0000006E _DATA	
dealer_idx . . . . . . . . . . .	Byte	 00000079 _DATA	
deck . . . . . . . . . . . . . .	Byte	 00000000 _DATA	
exit . . . . . . . . . . . . . .	Text   	 INVOKE ExitProcess,0
face_down_string . . . . . . . .	Byte	 00000090 _DATA	
face_up_string . . . . . . . . .	Byte	 00000086 _DATA	
gray . . . . . . . . . . . . . .	Number	 00000008h   
green  . . . . . . . . . . . . .	Number	 00000002h   
hit_or_stay  . . . . . . . . . .	Byte	 000000A5 _DATA	
lightBlue  . . . . . . . . . . .	Number	 00000009h   
lightCyan  . . . . . . . . . . .	Number	 0000000Bh   
lightGray  . . . . . . . . . . .	Number	 00000007h   
lightGreen . . . . . . . . . . .	Number	 0000000Ah   
lightMagenta . . . . . . . . . .	Number	 0000000Dh   
lightRed . . . . . . . . . . . .	Number	 0000000Ch   
magenta  . . . . . . . . . . . .	Number	 00000005h   
player_facedown  . . . . . . . .	Byte	 00000084 _DATA	
player_hand  . . . . . . . . . .	Byte	 0000007A _DATA	
player_idx . . . . . . . . . . .	Byte	 00000085 _DATA	
red  . . . . . . . . . . . . . .	Number	 00000004h   
shift_index  . . . . . . . . . .	DWord	 00000069 _DATA	
shuffle_range_size . . . . . . .	Byte	 00000068 _DATA	
shuffled_deck  . . . . . . . . .	Byte	 00000034 _DATA	
shuffled_idx . . . . . . . . . .	Byte	 0000006D _DATA	
white  . . . . . . . . . . . . .	Number	 0000000Fh   
wsprintf . . . . . . . . . . . .	Text   	 wsprintfA
yellow . . . . . . . . . . . . .	Number	 0000000Eh   

	   0 Warnings
	   0 Errors
